// Jest Snapshot v1, https://jestjs.io/docs/snapshot-testing

exports[`DaysGrid rendered with 2000-1 match snapshot 1`] = `
<DocumentFragment>
  <table>
    <tbody>
      <tr>
        <td />
        <td />
        <td />
        <td />
        <td />
        <td />
        <td
          class="weekend"
          data-date="2000-01-01"
        >
          1
        </td>
      </tr>
      <tr>
        <td
          class="weekend"
          data-date="2000-01-02"
        >
          2
        </td>
        <td
          class=""
          data-date="2000-01-03"
        >
          3
        </td>
        <td
          class=""
          data-date="2000-01-04"
        >
          4
        </td>
        <td
          class=""
          data-date="2000-01-05"
        >
          5
        </td>
        <td
          class=""
          data-date="2000-01-06"
        >
          6
        </td>
        <td
          class=""
          data-date="2000-01-07"
        >
          7
        </td>
        <td
          class="weekend"
          data-date="2000-01-08"
        >
          8
        </td>
      </tr>
      <tr>
        <td
          class="weekend"
          data-date="2000-01-09"
        >
          9
        </td>
        <td
          class=""
          data-date="2000-01-10"
        >
          10
        </td>
        <td
          class=""
          data-date="2000-01-11"
        >
          11
        </td>
        <td
          class=""
          data-date="2000-01-12"
        >
          12
        </td>
        <td
          class=""
          data-date="2000-01-13"
        >
          13
        </td>
        <td
          class=""
          data-date="2000-01-14"
        >
          14
        </td>
        <td
          class="weekend"
          data-date="2000-01-15"
        >
          15
        </td>
      </tr>
      <tr>
        <td
          class="weekend"
          data-date="2000-01-16"
        >
          16
        </td>
        <td
          class=""
          data-date="2000-01-17"
        >
          17
        </td>
        <td
          class=""
          data-date="2000-01-18"
        >
          18
        </td>
        <td
          class=""
          data-date="2000-01-19"
        >
          19
        </td>
        <td
          class=""
          data-date="2000-01-20"
        >
          20
        </td>
        <td
          class=""
          data-date="2000-01-21"
        >
          21
        </td>
        <td
          class="weekend"
          data-date="2000-01-22"
        >
          22
        </td>
      </tr>
      <tr>
        <td
          class="weekend"
          data-date="2000-01-23"
        >
          23
        </td>
        <td
          class=""
          data-date="2000-01-24"
        >
          24
        </td>
        <td
          class=""
          data-date="2000-01-25"
        >
          25
        </td>
        <td
          class=""
          data-date="2000-01-26"
        >
          26
        </td>
        <td
          class=""
          data-date="2000-01-27"
        >
          27
        </td>
        <td
          class=""
          data-date="2000-01-28"
        >
          28
        </td>
        <td
          class="weekend"
          data-date="2000-01-29"
        >
          29
        </td>
      </tr>
      <tr>
        <td
          class="weekend"
          data-date="2000-01-30"
        >
          30
        </td>
        <td
          class=""
          data-date="2000-01-31"
        >
          31
        </td>
        <td />
        <td />
        <td />
        <td />
        <td />
      </tr>
    </tbody>
  </table>
</DocumentFragment>
`;

exports[`DaysGrid rendered with 2000-2 match snapshot 1`] = `
<DocumentFragment>
  <table>
    <tbody>
      <tr>
        <td />
        <td />
        <td
          class=""
          data-date="2000-02-01"
        >
          1
        </td>
        <td
          class=""
          data-date="2000-02-02"
        >
          2
        </td>
        <td
          class=""
          data-date="2000-02-03"
        >
          3
        </td>
        <td
          class=""
          data-date="2000-02-04"
        >
          4
        </td>
        <td
          class="weekend"
          data-date="2000-02-05"
        >
          5
        </td>
      </tr>
      <tr>
        <td
          class="weekend"
          data-date="2000-02-06"
        >
          6
        </td>
        <td
          class=""
          data-date="2000-02-07"
        >
          7
        </td>
        <td
          class=""
          data-date="2000-02-08"
        >
          8
        </td>
        <td
          class=""
          data-date="2000-02-09"
        >
          9
        </td>
        <td
          class=""
          data-date="2000-02-10"
        >
          10
        </td>
        <td
          class=""
          data-date="2000-02-11"
        >
          11
        </td>
        <td
          class="weekend"
          data-date="2000-02-12"
        >
          12
        </td>
      </tr>
      <tr>
        <td
          class="weekend"
          data-date="2000-02-13"
        >
          13
        </td>
        <td
          class=""
          data-date="2000-02-14"
        >
          14
        </td>
        <td
          class=""
          data-date="2000-02-15"
        >
          15
        </td>
        <td
          class=""
          data-date="2000-02-16"
        >
          16
        </td>
        <td
          class=""
          data-date="2000-02-17"
        >
          17
        </td>
        <td
          class=""
          data-date="2000-02-18"
        >
          18
        </td>
        <td
          class="weekend"
          data-date="2000-02-19"
        >
          19
        </td>
      </tr>
      <tr>
        <td
          class="weekend"
          data-date="2000-02-20"
        >
          20
        </td>
        <td
          class=""
          data-date="2000-02-21"
        >
          21
        </td>
        <td
          class=""
          data-date="2000-02-22"
        >
          22
        </td>
        <td
          class=""
          data-date="2000-02-23"
        >
          23
        </td>
        <td
          class=""
          data-date="2000-02-24"
        >
          24
        </td>
        <td
          class=""
          data-date="2000-02-25"
        >
          25
        </td>
        <td
          class="weekend"
          data-date="2000-02-26"
        >
          26
        </td>
      </tr>
      <tr>
        <td
          class="weekend"
          data-date="2000-02-27"
        >
          27
        </td>
        <td
          class=""
          data-date="2000-02-28"
        >
          28
        </td>
        <td
          class=""
          data-date="2000-02-29"
        >
          29
        </td>
        <td />
        <td />
        <td />
        <td />
      </tr>
      <tr>
        <td />
        <td />
        <td />
        <td />
        <td />
        <td />
        <td />
      </tr>
    </tbody>
  </table>
</DocumentFragment>
`;

exports[`DaysGrid rendered with 2000-4 match snapshot 1`] = `
<DocumentFragment>
  <table>
    <tbody>
      <tr>
        <td />
        <td />
        <td />
        <td />
        <td />
        <td />
        <td
          class="weekend"
          data-date="2000-04-01"
        >
          1
        </td>
      </tr>
      <tr>
        <td
          class="weekend"
          data-date="2000-04-02"
        >
          2
        </td>
        <td
          class=""
          data-date="2000-04-03"
        >
          3
        </td>
        <td
          class=""
          data-date="2000-04-04"
        >
          4
        </td>
        <td
          class=""
          data-date="2000-04-05"
        >
          5
        </td>
        <td
          class=""
          data-date="2000-04-06"
        >
          6
        </td>
        <td
          class=""
          data-date="2000-04-07"
        >
          7
        </td>
        <td
          class="weekend"
          data-date="2000-04-08"
        >
          8
        </td>
      </tr>
      <tr>
        <td
          class="weekend"
          data-date="2000-04-09"
        >
          9
        </td>
        <td
          class=""
          data-date="2000-04-10"
        >
          10
        </td>
        <td
          class=""
          data-date="2000-04-11"
        >
          11
        </td>
        <td
          class=""
          data-date="2000-04-12"
        >
          12
        </td>
        <td
          class=""
          data-date="2000-04-13"
        >
          13
        </td>
        <td
          class=""
          data-date="2000-04-14"
        >
          14
        </td>
        <td
          class="weekend"
          data-date="2000-04-15"
        >
          15
        </td>
      </tr>
      <tr>
        <td
          class="weekend"
          data-date="2000-04-16"
        >
          16
        </td>
        <td
          class=""
          data-date="2000-04-17"
        >
          17
        </td>
        <td
          class=""
          data-date="2000-04-18"
        >
          18
        </td>
        <td
          class=""
          data-date="2000-04-19"
        >
          19
        </td>
        <td
          class=""
          data-date="2000-04-20"
        >
          20
        </td>
        <td
          class=""
          data-date="2000-04-21"
        >
          21
        </td>
        <td
          class="weekend"
          data-date="2000-04-22"
        >
          22
        </td>
      </tr>
      <tr>
        <td
          class="weekend"
          data-date="2000-04-23"
        >
          23
        </td>
        <td
          class=""
          data-date="2000-04-24"
        >
          24
        </td>
        <td
          class=""
          data-date="2000-04-25"
        >
          25
        </td>
        <td
          class=""
          data-date="2000-04-26"
        >
          26
        </td>
        <td
          class=""
          data-date="2000-04-27"
        >
          27
        </td>
        <td
          class=""
          data-date="2000-04-28"
        >
          28
        </td>
        <td
          class="weekend"
          data-date="2000-04-29"
        >
          29
        </td>
      </tr>
      <tr>
        <td
          class="weekend"
          data-date="2000-04-30"
        >
          30
        </td>
        <td />
        <td />
        <td />
        <td />
        <td />
        <td />
      </tr>
    </tbody>
  </table>
</DocumentFragment>
`;

exports[`DaysGrid rendered with 2001-1 match snapshot 1`] = `
<DocumentFragment>
  <table>
    <tbody>
      <tr>
        <td />
        <td
          class=""
          data-date="2001-01-01"
        >
          1
        </td>
        <td
          class=""
          data-date="2001-01-02"
        >
          2
        </td>
        <td
          class=""
          data-date="2001-01-03"
        >
          3
        </td>
        <td
          class=""
          data-date="2001-01-04"
        >
          4
        </td>
        <td
          class=""
          data-date="2001-01-05"
        >
          5
        </td>
        <td
          class="weekend"
          data-date="2001-01-06"
        >
          6
        </td>
      </tr>
      <tr>
        <td
          class="weekend"
          data-date="2001-01-07"
        >
          7
        </td>
        <td
          class=""
          data-date="2001-01-08"
        >
          8
        </td>
        <td
          class=""
          data-date="2001-01-09"
        >
          9
        </td>
        <td
          class=""
          data-date="2001-01-10"
        >
          10
        </td>
        <td
          class=""
          data-date="2001-01-11"
        >
          11
        </td>
        <td
          class=""
          data-date="2001-01-12"
        >
          12
        </td>
        <td
          class="weekend"
          data-date="2001-01-13"
        >
          13
        </td>
      </tr>
      <tr>
        <td
          class="weekend"
          data-date="2001-01-14"
        >
          14
        </td>
        <td
          class=""
          data-date="2001-01-15"
        >
          15
        </td>
        <td
          class=""
          data-date="2001-01-16"
        >
          16
        </td>
        <td
          class=""
          data-date="2001-01-17"
        >
          17
        </td>
        <td
          class=""
          data-date="2001-01-18"
        >
          18
        </td>
        <td
          class=""
          data-date="2001-01-19"
        >
          19
        </td>
        <td
          class="weekend"
          data-date="2001-01-20"
        >
          20
        </td>
      </tr>
      <tr>
        <td
          class="weekend"
          data-date="2001-01-21"
        >
          21
        </td>
        <td
          class=""
          data-date="2001-01-22"
        >
          22
        </td>
        <td
          class=""
          data-date="2001-01-23"
        >
          23
        </td>
        <td
          class=""
          data-date="2001-01-24"
        >
          24
        </td>
        <td
          class=""
          data-date="2001-01-25"
        >
          25
        </td>
        <td
          class=""
          data-date="2001-01-26"
        >
          26
        </td>
        <td
          class="weekend"
          data-date="2001-01-27"
        >
          27
        </td>
      </tr>
      <tr>
        <td
          class="weekend"
          data-date="2001-01-28"
        >
          28
        </td>
        <td
          class=""
          data-date="2001-01-29"
        >
          29
        </td>
        <td
          class=""
          data-date="2001-01-30"
        >
          30
        </td>
        <td
          class=""
          data-date="2001-01-31"
        >
          31
        </td>
        <td />
        <td />
        <td />
      </tr>
      <tr>
        <td />
        <td />
        <td />
        <td />
        <td />
        <td />
        <td />
      </tr>
    </tbody>
  </table>
</DocumentFragment>
`;

exports[`DaysGrid rendered with 2001-2 match snapshot 1`] = `
<DocumentFragment>
  <table>
    <tbody>
      <tr>
        <td />
        <td />
        <td />
        <td />
        <td
          class=""
          data-date="2001-02-01"
        >
          1
        </td>
        <td
          class=""
          data-date="2001-02-02"
        >
          2
        </td>
        <td
          class="weekend"
          data-date="2001-02-03"
        >
          3
        </td>
      </tr>
      <tr>
        <td
          class="weekend"
          data-date="2001-02-04"
        >
          4
        </td>
        <td
          class=""
          data-date="2001-02-05"
        >
          5
        </td>
        <td
          class=""
          data-date="2001-02-06"
        >
          6
        </td>
        <td
          class=""
          data-date="2001-02-07"
        >
          7
        </td>
        <td
          class=""
          data-date="2001-02-08"
        >
          8
        </td>
        <td
          class=""
          data-date="2001-02-09"
        >
          9
        </td>
        <td
          class="weekend"
          data-date="2001-02-10"
        >
          10
        </td>
      </tr>
      <tr>
        <td
          class="weekend"
          data-date="2001-02-11"
        >
          11
        </td>
        <td
          class=""
          data-date="2001-02-12"
        >
          12
        </td>
        <td
          class=""
          data-date="2001-02-13"
        >
          13
        </td>
        <td
          class=""
          data-date="2001-02-14"
        >
          14
        </td>
        <td
          class=""
          data-date="2001-02-15"
        >
          15
        </td>
        <td
          class=""
          data-date="2001-02-16"
        >
          16
        </td>
        <td
          class="weekend"
          data-date="2001-02-17"
        >
          17
        </td>
      </tr>
      <tr>
        <td
          class="weekend"
          data-date="2001-02-18"
        >
          18
        </td>
        <td
          class=""
          data-date="2001-02-19"
        >
          19
        </td>
        <td
          class=""
          data-date="2001-02-20"
        >
          20
        </td>
        <td
          class=""
          data-date="2001-02-21"
        >
          21
        </td>
        <td
          class=""
          data-date="2001-02-22"
        >
          22
        </td>
        <td
          class=""
          data-date="2001-02-23"
        >
          23
        </td>
        <td
          class="weekend"
          data-date="2001-02-24"
        >
          24
        </td>
      </tr>
      <tr>
        <td
          class="weekend"
          data-date="2001-02-25"
        >
          25
        </td>
        <td
          class=""
          data-date="2001-02-26"
        >
          26
        </td>
        <td
          class=""
          data-date="2001-02-27"
        >
          27
        </td>
        <td
          class=""
          data-date="2001-02-28"
        >
          28
        </td>
        <td />
        <td />
        <td />
      </tr>
      <tr>
        <td />
        <td />
        <td />
        <td />
        <td />
        <td />
        <td />
      </tr>
    </tbody>
  </table>
</DocumentFragment>
`;

exports[`DaysGrid rendered with 2001-4 match snapshot 1`] = `
<DocumentFragment>
  <table>
    <tbody>
      <tr>
        <td
          class="weekend"
          data-date="2001-04-01"
        >
          1
        </td>
        <td
          class=""
          data-date="2001-04-02"
        >
          2
        </td>
        <td
          class=""
          data-date="2001-04-03"
        >
          3
        </td>
        <td
          class=""
          data-date="2001-04-04"
        >
          4
        </td>
        <td
          class=""
          data-date="2001-04-05"
        >
          5
        </td>
        <td
          class=""
          data-date="2001-04-06"
        >
          6
        </td>
        <td
          class="weekend"
          data-date="2001-04-07"
        >
          7
        </td>
      </tr>
      <tr>
        <td
          class="weekend"
          data-date="2001-04-08"
        >
          8
        </td>
        <td
          class=""
          data-date="2001-04-09"
        >
          9
        </td>
        <td
          class=""
          data-date="2001-04-10"
        >
          10
        </td>
        <td
          class=""
          data-date="2001-04-11"
        >
          11
        </td>
        <td
          class=""
          data-date="2001-04-12"
        >
          12
        </td>
        <td
          class=""
          data-date="2001-04-13"
        >
          13
        </td>
        <td
          class="weekend"
          data-date="2001-04-14"
        >
          14
        </td>
      </tr>
      <tr>
        <td
          class="weekend"
          data-date="2001-04-15"
        >
          15
        </td>
        <td
          class=""
          data-date="2001-04-16"
        >
          16
        </td>
        <td
          class=""
          data-date="2001-04-17"
        >
          17
        </td>
        <td
          class=""
          data-date="2001-04-18"
        >
          18
        </td>
        <td
          class=""
          data-date="2001-04-19"
        >
          19
        </td>
        <td
          class=""
          data-date="2001-04-20"
        >
          20
        </td>
        <td
          class="weekend"
          data-date="2001-04-21"
        >
          21
        </td>
      </tr>
      <tr>
        <td
          class="weekend"
          data-date="2001-04-22"
        >
          22
        </td>
        <td
          class=""
          data-date="2001-04-23"
        >
          23
        </td>
        <td
          class=""
          data-date="2001-04-24"
        >
          24
        </td>
        <td
          class=""
          data-date="2001-04-25"
        >
          25
        </td>
        <td
          class=""
          data-date="2001-04-26"
        >
          26
        </td>
        <td
          class=""
          data-date="2001-04-27"
        >
          27
        </td>
        <td
          class="weekend"
          data-date="2001-04-28"
        >
          28
        </td>
      </tr>
      <tr>
        <td
          class="weekend"
          data-date="2001-04-29"
        >
          29
        </td>
        <td
          class=""
          data-date="2001-04-30"
        >
          30
        </td>
        <td />
        <td />
        <td />
        <td />
        <td />
      </tr>
      <tr>
        <td />
        <td />
        <td />
        <td />
        <td />
        <td />
        <td />
      </tr>
    </tbody>
  </table>
</DocumentFragment>
`;
